### 리눅스 시스템 확인하기

운영체제 버전 확인

Bash

```bash
cat /etc/*release*

  CentOS release 6.4 (Final)
  CentOS release 6.4 (Final)
  CentOS release 6.4 (Final)
  cpe:/o:centos:linux:6:GA
```

리눅스 커널버전 확인(`uname -a`와 같다). 

Bash

```bash
cat /proc/version

  Linux version 2.6.32-358.el6.x86_64 (mockbuild@c6b8.bsys.dev.centos.org) (gcc version 4.4.7 20120313 (Red Hat 4.4.7-3) (GCC) ) #1 SMP Fri Feb 22 00:31:26 UTC 2013
```

리눅스 시스템의 비트확인(x86, x86_64)

Bash

```bash
arch

  x86_64
```

cpu의 정보

Bash

```bash
cat /proc/cpuinfo

  processor       : 0
  vendor_id       : GenuineIntel
  cpu family      : 6
  model           : 23
  model name      : Intel(R) Core(TM)2 Duo CPU     E8400  @ 3.00GHz
  stepping        : 6
  cpu MHz         : 3000.671
  cache size      : 6144 KB
  .....
```

메모리 정보

Bash

```bash
cat /proc/meminfo

  MemTotal:        3921364 kB
  MemFree:         3764640 kB
  Buffers:            5360 kB
  Cached:            36192 kB
  SwapCached:            0 kB
  .....
```

현재 나누어진 파티션의 정보

Bash

```bash
cat /proc/partitions

  major  minor  blocks  name
     8        0  976761527 sda
     8        1    4194304 sda1
     8        2  972565504 sda2
```

호스트 네임 확인

Bash

```bash
hostname

  uzuro.com
```





출처: https://webdir.tistory.com/103?category=607029 [WEBDIR]